// Jest Snapshot v1, https://goo.gl/fbAQLP

exports[`Should render MainContent renders correctly 1`] = `
<Form
  inline={false}
  onSubmit={[Function]}
>
  <FormRow>
    <Input
      as="input"
      controlId="formGridInput"
      event={[Function]}
      placeholder="Enter value"
      text="Amount"
      value={0}
    />
    <Input
      as="select"
      controlId="formGridFrome"
      event={[Function]}
      list={
        Array [
          <option
            value="CAD"
          >
            CAD
          </option>,
          <option
            value="HKD"
          >
            HKD
          </option>,
        ]
      }
      name="from"
      text="Base"
      value="EUR"
    />
    <Input
      as="select"
      controlId="formGridTo"
      event={[Function]}
      list={
        Array [
          <option
            value="CAD"
          >
            CAD
          </option>,
          <option
            value="HKD"
          >
            HKD
          </option>,
        ]
      }
      name="to"
      text="To"
      value="CAD"
    />
  </FormRow>
  <Connect(Sum) />
</Form>
`;
